[    5626ms] [WARNING]  [33m[1m⚠[22m[39m Runtime config is deprecated and will be removed in Next.js 16. Please remove the usage of "next/config" from your project. @ https://www.surfline.com/surf-report/campus-point/5842041f4e65fad6a770896c:95
[    7499ms] [WARNING] [GPT] Global Placement ID (GPID) appears to be dynamically generated. A GPID must be a stable identifier for an ad placement.
https://goo.gle/gpt-message#190 @ https://www.surfline.com/surf-report/campus-point/5842041f4e65fad6a770896c:95
[    7924ms] [ERROR] Attestation check for Protected Audience on https://krk2.kargo.com failed. @ https://www.surfline.com/surf-report/campus-point/5842041f4e65fad6a770896c:0
[    7924ms] [ERROR] Attestation check for Protected Audience on https://ib.adnxs.com failed. @ https://www.surfline.com/surf-report/campus-point/5842041f4e65fad6a770896c:0
[    7924ms] [ERROR] Attestation check for Protected Audience on https://htlb.casalemedia.com failed. @ https://www.surfline.com/surf-report/campus-point/5842041f4e65fad6a770896c:0
[    7924ms] [ERROR] Attestation check for Protected Audience on https://tlx.3lift.com failed. @ https://www.surfline.com/surf-report/campus-point/5842041f4e65fad6a770896c:0
[    7924ms] [ERROR] Attestation check for Protected Audience on https://g2.gumgum.com failed. @ https://www.surfline.com/surf-report/campus-point/5842041f4e65fad6a770896c:0
[    7925ms] [ERROR] Attestation check for Protected Audience on https://g2.gumgum.com failed. @ https://www.surfline.com/surf-report/campus-point/5842041f4e65fad6a770896c:0
[    7925ms] [ERROR] Attestation check for Protected Audience on https://g2.gumgum.com failed. @ https://www.surfline.com/surf-report/campus-point/5842041f4e65fad6a770896c:0
[    7925ms] [ERROR] Attestation check for Protected Audience on https://g2.gumgum.com failed. @ https://www.surfline.com/surf-report/campus-point/5842041f4e65fad6a770896c:0
[    7925ms] [ERROR] Attestation check for Protected Audience on https://g2.gumgum.com failed. @ https://www.surfline.com/surf-report/campus-point/5842041f4e65fad6a770896c:0
[    7925ms] [ERROR] Attestation check for Protected Audience on https://g2.gumgum.com failed. @ https://www.surfline.com/surf-report/campus-point/5842041f4e65fad6a770896c:0
[    7925ms] [ERROR] Attestation check for Protected Audience on https://g2.gumgum.com failed. @ https://www.surfline.com/surf-report/campus-point/5842041f4e65fad6a770896c:0
[    7925ms] [ERROR] Attestation check for Protected Audience on https://g2.gumgum.com failed. @ https://www.surfline.com/surf-report/campus-point/5842041f4e65fad6a770896c:0
[    7925ms] [ERROR] Attestation check for Protected Audience on https://g2.gumgum.com failed. @ https://www.surfline.com/surf-report/campus-point/5842041f4e65fad6a770896c:0
[    8001ms] [ERROR] Attestation check for Protected Audience on https://grid-bidder.criteo.com failed. @ https://www.surfline.com/surf-report/campus-point/5842041f4e65fad6a770896c:0
[    8309ms] [ERROR] Attestation check for Protected Audience on https://ib.adnxs.com failed. @ https://www.surfline.com/surf-report/campus-point/5842041f4e65fad6a770896c:0
[    8309ms] [ERROR] Attestation check for Protected Audience on https://htlb.casalemedia.com failed. @ https://www.surfline.com/surf-report/campus-point/5842041f4e65fad6a770896c:0
[    8309ms] [ERROR] Attestation check for Protected Audience on https://krk2.kargo.com failed. @ https://www.surfline.com/surf-report/campus-point/5842041f4e65fad6a770896c:0
[    9095ms] [WARNING] The Custom splitter param: " loggedIn " was configured in optiCommon.init(), but no value was assigned. The value "n/a" will be used. @ https://www.surfline.com/surf-report/campus-point/5842041f4e65fad6a770896c:95
[    9095ms] [WARNING] The Custom splitter param: " admants " was configured in optiCommon.init(), but no value was assigned. The value "n/a" will be used. @ https://www.surfline.com/surf-report/campus-point/5842041f4e65fad6a770896c:95
[    9095ms] [WARNING] The Custom splitter param: " permutive " was configured in optiCommon.init(), but no value was assigned. The value "n/a" will be used. @ https://www.surfline.com/surf-report/campus-point/5842041f4e65fad6a770896c:95
[    9980ms] [ERROR] Access to fetch at 'https://api.rlcdn.com/api/identity/envelope?pid=1258' from origin 'https://www.surfline.com' has been blocked by CORS policy: No 'Access-Control-Allow-Origin' header is present on the requested resource. @ about:srcdoc:0
[    9980ms] [ERROR] Failed to load resource: net::ERR_FAILED @ https://api.rlcdn.com/api/identity/envelope?pid=1258:0
[   10070ms] [WARNING] An iframe which has both allow-scripts and allow-same-origin for its sandbox attribute can escape its sandboxing. @ https://tagan.adlightning.com/sk-surfline/op.js:0
[   10090ms] [WARNING] [GPT] Slot SL_KBYG_Cams_BelowCam-77366e40-1050-11f1-a110-e949d55d81ad rendered inside of the viewport.
https://goo.gle/gpt-message#169 @ https://www.surfline.com/surf-report/campus-point/5842041f4e65fad6a770896c:95
[   10094ms] [WARNING] An iframe which has both allow-scripts and allow-same-origin for its sandbox attribute can escape its sandboxing. @ https://tagan.adlightning.com/sk-surfline/op.js:0
[   10114ms] [WARNING] An iframe which has both allow-scripts and allow-same-origin for its sandbox attribute can escape its sandboxing. @ https://tagan.adlightning.com/sk-surfline/op.js:0
[   10427ms] [ERROR] Attestation check for Protected Audience on https://htlb.casalemedia.com failed. @ https://www.surfline.com/surf-report/campus-point/5842041f4e65fad6a770896c:0
[   10427ms] [ERROR] Attestation check for Protected Audience on https://ib.adnxs.com failed. @ https://www.surfline.com/surf-report/campus-point/5842041f4e65fad6a770896c:0
[   10482ms] [ERROR] Attestation check for Shared Storage on https://www.googleadservices.com failed. @ https://www.googleadservices.com/pagead/managed/js/activeview/current/reach_worklet.html:0
[   10485ms] [ERROR] Attestation check for Shared Storage on https://www.googleadservices.com failed. @ https://www.googleadservices.com/pagead/managed/js/activeview/current/reach_worklet.html:0
[   10532ms] [ERROR] Attestation check for Shared Storage on https://www.googleadservices.com failed. @ https://www.googleadservices.com/pagead/managed/js/activeview/current/reach_worklet.html:0
[   10482ms] [ERROR] Attestation check for Shared Storage on https://www.googleadservices.com failed. @ https://www.googleadservices.com/pagead/managed/js/activeview/current/reach_worklet.html:0
[   10485ms] [ERROR] Attestation check for Shared Storage on https://www.googleadservices.com failed. @ https://www.googleadservices.com/pagead/managed/js/activeview/current/reach_worklet.html:0
[   10532ms] [ERROR] Attestation check for Shared Storage on https://www.googleadservices.com failed. @ https://www.googleadservices.com/pagead/managed/js/activeview/current/reach_worklet.html:0
[   10482ms] [ERROR] Attestation check for Shared Storage on https://www.googleadservices.com failed. @ https://www.googleadservices.com/pagead/managed/js/activeview/current/reach_worklet.html:0
[   10485ms] [ERROR] Attestation check for Shared Storage on https://www.googleadservices.com failed. @ https://www.googleadservices.com/pagead/managed/js/activeview/current/reach_worklet.html:0
[   10532ms] [ERROR] Attestation check for Shared Storage on https://www.googleadservices.com failed. @ https://www.googleadservices.com/pagead/managed/js/activeview/current/reach_worklet.html:0
[   10748ms] [ERROR] Attestation check for Shared Storage on https://www.googleadservices.com failed. @ https://www.googleadservices.com/pagead/managed/js/activeview/current/reach_worklet.html:0
[   10782ms] [ERROR] Attestation check for Shared Storage on https://www.googleadservices.com failed. @ https://www.googleadservices.com/pagead/managed/js/activeview/current/reach_worklet.html:0
[   10482ms] [ERROR] Attestation check for Shared Storage on https://www.googleadservices.com failed. @ https://www.googleadservices.com/pagead/managed/js/activeview/current/reach_worklet.html:0
[   10485ms] [ERROR] Attestation check for Shared Storage on https://www.googleadservices.com failed. @ https://www.googleadservices.com/pagead/managed/js/activeview/current/reach_worklet.html:0
[   10532ms] [ERROR] Attestation check for Shared Storage on https://www.googleadservices.com failed. @ https://www.googleadservices.com/pagead/managed/js/activeview/current/reach_worklet.html:0
[   10748ms] [ERROR] Attestation check for Shared Storage on https://www.googleadservices.com failed. @ https://www.googleadservices.com/pagead/managed/js/activeview/current/reach_worklet.html:0
[   10782ms] [ERROR] Attestation check for Shared Storage on https://www.googleadservices.com failed. @ https://www.googleadservices.com/pagead/managed/js/activeview/current/reach_worklet.html:0
[   12003ms] [ERROR] Attestation check for Shared Storage on https://www.googleadservices.com failed. @ https://www.googleadservices.com/pagead/managed/js/activeview/current/reach_worklet.html:0
[   12423ms] [ERROR] Failed to load resource: net::ERR_TOO_MANY_REDIRECTS @ https://x.bidswitch.net/sync?ssp=adconductor&user_id=RX-01eac928-99b8-429c-b43a-733fefb0c1de-005&rndcb=7638322573:0
[   12804ms] [ERROR] Failed to load resource: the server responded with a status of 404 (Not Found) @ https://us4.shb-sync.com/9a618328-5946-41d2-842d-1fa2220a604b.gif?puid=[UID]&redir=https%3A%2F%2Fce.lijit.com%2Fmerge%3Fpid%3D118%263pid%3D%5BUID%5D&gdpr=[GDPR]&gdpr_consent=[GDPR_CONSENT]&ccpa=[CCPA]&gdpr=&gdpr_consent=:0
[   12959ms] [ERROR] Failed to load resource: net::ERR_NAME_NOT_RESOLVED @ https://cw.addthis.com/t.gif?pid=88&pidt=0&pdid=ab533b93-3049-41c8-8373-78d2ca86c92d&cu=:0
[   13094ms] [ERROR] Failed to load resource: net::ERR_NAME_NOT_RESOLVED @ https://cw.addthis.com/t.gif?pid=88&pidt=0&pdid=ab533b93-3049-41c8-8373-78d2ca86c92d&cu=:0
[   12804ms] [ERROR] Failed to load resource: the server responded with a status of 404 (Not Found) @ https://us4.shb-sync.com/9a618328-5946-41d2-842d-1fa2220a604b.gif?puid=[UID]&redir=https%3A%2F%2Fce.lijit.com%2Fmerge%3Fpid%3D118%263pid%3D%5BUID%5D&gdpr=[GDPR]&gdpr_consent=[GDPR_CONSENT]&ccpa=[CCPA]&gdpr=&gdpr_consent=:0
[   12959ms] [ERROR] Failed to load resource: net::ERR_NAME_NOT_RESOLVED @ https://cw.addthis.com/t.gif?pid=88&pidt=0&pdid=ab533b93-3049-41c8-8373-78d2ca86c92d&cu=:0
[   13094ms] [ERROR] Failed to load resource: net::ERR_NAME_NOT_RESOLVED @ https://cw.addthis.com/t.gif?pid=88&pidt=0&pdid=ab533b93-3049-41c8-8373-78d2ca86c92d&cu=:0
[   12804ms] [ERROR] Failed to load resource: the server responded with a status of 404 (Not Found) @ https://us4.shb-sync.com/9a618328-5946-41d2-842d-1fa2220a604b.gif?puid=[UID]&redir=https%3A%2F%2Fce.lijit.com%2Fmerge%3Fpid%3D118%263pid%3D%5BUID%5D&gdpr=[GDPR]&gdpr_consent=[GDPR_CONSENT]&ccpa=[CCPA]&gdpr=&gdpr_consent=:0
[   12959ms] [ERROR] Failed to load resource: net::ERR_NAME_NOT_RESOLVED @ https://cw.addthis.com/t.gif?pid=88&pidt=0&pdid=ab533b93-3049-41c8-8373-78d2ca86c92d&cu=:0
[   13094ms] [ERROR] Failed to load resource: net::ERR_NAME_NOT_RESOLVED @ https://cw.addthis.com/t.gif?pid=88&pidt=0&pdid=ab533b93-3049-41c8-8373-78d2ca86c92d&cu=:0
[   13413ms] [ERROR] Failed to load resource: net::ERR_NAME_NOT_RESOLVED @ https://cs.lkqd.net/cs?partnerId=109&partnerUserId=01e619207d&gdpr=0&gdpr_consent=[GDPR_CONSENT]:0
[   13423ms] [ERROR] Failed to load resource: the server responded with a status of 400 (Bad Request) @ https://sync.adkernel.com/user-sync?zone=246094&r=https%3A%2F%2Fcs.krushmedia.com%2Fb5a22c388158209e40cc9337bc116359.gif%3Fpuid%3D%7BUID%7D:0
[   12804ms] [ERROR] Failed to load resource: the server responded with a status of 404 (Not Found) @ https://us4.shb-sync.com/9a618328-5946-41d2-842d-1fa2220a604b.gif?puid=[UID]&redir=https%3A%2F%2Fce.lijit.com%2Fmerge%3Fpid%3D118%263pid%3D%5BUID%5D&gdpr=[GDPR]&gdpr_consent=[GDPR_CONSENT]&ccpa=[CCPA]&gdpr=&gdpr_consent=:0
[   12959ms] [ERROR] Failed to load resource: net::ERR_NAME_NOT_RESOLVED @ https://cw.addthis.com/t.gif?pid=88&pidt=0&pdid=ab533b93-3049-41c8-8373-78d2ca86c92d&cu=:0
[   13094ms] [ERROR] Failed to load resource: net::ERR_NAME_NOT_RESOLVED @ https://cw.addthis.com/t.gif?pid=88&pidt=0&pdid=ab533b93-3049-41c8-8373-78d2ca86c92d&cu=:0
[   13532ms] [ERROR] Failed to load resource: the server responded with a status of 400 (Bad Request) @ https://measureadv.com/userIframe?gdpr=0&gdpr_consent=&p=3&redirect=https://csync.smilewanted.com/set_partner_userid_get/videoheroes/{UID}:0
[   13532ms] [ERROR] Failed to load resource: the server responded with a status of 400 (Bad Request) @ https://measureadv.com/userIframe?gdpr=0&gdpr_consent=&p=3&redirect=https://csync.smilewanted.com/set_partner_userid_get/videoheroes/{UID}:0
[   13557ms] [ERROR] Failed to load resource: the server responded with a status of 400 (Bad Request) @ https://measureadv.com/userIframe?gdpr=0&gdpr_consent=&p=3&redirect=https://csync.smilewanted.com/set_partner_userid_get/videoheroes_us/{UID}:0
[   13561ms] [ERROR] Failed to load resource: the server responded with a status of 404 (Not Found) @ https://us4.shb-sync.com/9a618328-5946-41d2-842d-1fa2220a604b.gif?puid=[UID]&redir=https%3A%2F%2Fce.lijit.com%2Fmerge%3Fpid%3D118%263pid%3D%5BUID%5D&gdpr=[GDPR]&gdpr_consent=[GDPR_CONSENT]&ccpa=[CCPA]&gdpr=&gdpr_consent=:0
[   13658ms] [ERROR] Failed to load resource: net::ERR_NAME_NOT_RESOLVED @ https://sync.search.spotxchange.com/partner?adv_id=7715&uid=4158228685261962851:0
[   13713ms] [ERROR] Failed to load resource: the server responded with a status of 410 (Gone) @ https://ads.stickyadstv.com/user-matching?id=3673&_fw_gdpr=0&_fw_gdpr_consent=[GDPR_CONSENT]&redirectId=https%3A%2F%2Fcs.krushmedia.com%2F4ac47ff1918c5163a9cce45544663444.gif%3Fpuid%3D%7BviewerId%7D:0
[   13719ms] [ERROR] Failed to load resource: the server responded with a status of 404 () @ https://cs.krushmedia.com/4831fbf13dd518a56346a6e0ec8ba9d5.gif?puid=ID5-3-22770742-5cf6-45e8-9d3e-e134670e87dd&redir=https%3A%2F%2Fsync.inmobi.com%2Fsetuid%3FbidderID%3D1315%26dspUserId%3D%5BUID%5D&gdpr=0&gdpr_consent=:0
[   13742ms] [ERROR] Failed to load resource: net::ERR_NAME_NOT_RESOLVED @ https://visitor-gen02.omnitagjs.com/visitor/bsync?uid=2fb7585bd6f377e69f88bdfc754f9473&name=gen01&url=https%3A%2F%2Fs.ad.smaato.net%2Fc%2F%3FdspCookie%3D%5Bvisid%5D%26dspId%3D1476%26gdpr%3D0%26gdpr_consent%3D&visitor=01e619207d&gdpr=0&gdpr_consent=:0
[   13765ms] [ERROR] Attestation check for Shared Storage on https://securepubads.g.doubleclick.net failed. @ https://imasdk.googleapis.com/js/core/bridge3.741.1_en.html#deid=%22%22&eventfe_experiment_ids=%5B%5D&fid=%22goog_755140883%22&genotype_experiment_data=%7B%22experimentStateProto%22%3A%22%5B%5B%5B45713128%2Cnull%2Cnull%2C%5B%5D%5D%2C%5Bnull%2C745150931%2Cnull%2C%5Bnull%2C1%5D%5D%2C%5Bnull%2C749060184%2Cnull%2C%5Bnull%2C128%5D%5D%2C%5B841585769%2Cnull%2Cnull%2C%5B1%5D%5D%2C%5B45761044%2Cnull%2Cnull%2C%5B%5D%5D%2C%5B45722344%2Cnull%2Cnull%2C%5B%5D%5D%2C%5B45706017%2Cnull%2Cnull%2C%5B1%5D%5D%2C%5B45740207%2Cnull%2Cnull%2C%5B%5D%5D%2C%5B45668885%2Cnull%2Cnull%2C%5B%5D%5D%2C%5B45685340%2Cnull%2Cnull%2C%5B%5D%5D%2C%5B45734716%2Cnull%2Cnull%2C%5B%5D%5D%2C%5B45735891%2Cnull%2Cnull%2C%5B%5D%5D%2C%5B45663239%2Cnull%2Cnull%2C%5B%5D%5D%2C%5B45715032%2Cnull%2Cnull%2C%5B1%5D%5D%2C%5B45661356%2Cnull%2Cnull%2C%5B%5D%5D%2C%5B839547366%2Cnull%2Cnull%2C%5B1%5D%5D%2C%5B45676441%2Cnull%2Cnull%2C%5B%5D%5D%2C%5B45675307%2Cnull%2Cnull%2C%5B1%5D%5D%2C%5B45675308%2Cnull%2Cnull%2C%5B1%5D%5D%2C%5Bnull%2C45645574%2Cnull%2C%5B%5D%5D%2C%5B45688859%2Cnull%2Cnull%2C%5B%5D%5D%2C%5B45656766%2Cnull%2Cnull%2C%5B%5D%5D%2C%5B45710689%2Cnull%2Cnull%2C%5B%5D%5D%2C%5B45710688%2Cnull%2Cnull%2C%5B1%5D%5D%2C%5B45685601%2Cnull%2Cnull%2C%5B%5D%5D%2C%5Bnull%2C45685602%2Cnull%2C%5Bnull%2C500%5D%5D%2C%5B45756824%2Cnull%2Cnull%2C%5B%5D%5D%2C%5B45747172%2Cnull%2Cnull%2C%5B%5D%5D%2C%5B775241416%2Cnull%2Cnull%2C%5B%5D%5D%2C%5B781107959%2Cnull%2Cnull%2C%5B%5D%5D%2C%5B781107958%2Cnull%2Cnull%2C%5B%5D%5D%2C%5B792614055%2Cnull%2Cnull%2C%5B%5D%5D%2C%5B781107957%2Cnull%2Cnull%2C%5B%5D%5D%2C%5B45729602%2Cnull%2Cnull%2C%5B%5D%5D%2C%5B45753603%2Cnull%2Cnull%2C%5B%5D%5D%2C%5B45753604%2Cnull%2Cnull%2C%5B%5D%5D%2C%5B45658982%2Cnull%2Cnull%2C%5B%5D%5D%2C%5B45725657%2Cnull%2Cnull%2C%5B%5D%5D%5D%2C%5B%5B16%2C%5B%5B1%2C%5B%5B31089630%5D%2C%5B31089631%2C%5B%5B45668885%2Cnull%2Cnull%2C%5B1%5D%5D%5D%5D%5D%5D%2C%5B1000%2C%5B%5B95332046%5D%5D%5D%2C%5Bnull%2C%5B%5B95332047%5D%5D%5D%2C%5B10%2C%5B%5B95338769%2C%5B%5Bnull%2C45645574%2Cnull%2C%5Bnull%2C1%5D%5D%5D%5D%2C%5B95338770%2C%5B%5Bnull%2C45645574%2Cnull%2C%5Bnull%2C2%5D%5D%5D%5D%5D%5D%2C%5B50%2C%5B%5B95345206%5D%2C%5B95345207%2C%5B%5B45661356%2Cnull%2Cnull%2C%5B1%5D%5D%5D%5D%5D%5D%2C%5B1%2C%5B%5B95351425%5D%2C%5B95351426%2C%5B%5B45676441%2Cnull%2Cnull%2C%5B1%5D%5D%5D%5D%5D%5D%2C%5B20%2C%5B%5B95356068%5D%2C%5B95356069%2C%5B%5B45685601%2Cnull%2Cnull%2C%5B%5D%5D%2C%5Bnull%2C45685602%2Cnull%2C%5B%5D%5D%5D%5D%2C%5B95356070%2C%5B%5B45685601%2Cnull%2Cnull%2C%5B1%5D%5D%2C%5Bnull%2C45685602%2Cnull%2C%5B%5D%5D%5D%5D%2C%5B95356071%2C%5B%5B45685601%2Cnull%2Cnull%2C%5B1%5D%5D%2C%5Bnull%2C45685602%2Cnull%2C%5Bnull%2C100%5D%5D%5D%5D%5D%5D%2C%5B1%2C%5B%5B95373378%2C%5B%5B792614055%2Cnull%2Cnull%2C%5B1%5D%5D%5D%5D%2C%5B95373379%2C%5B%5B45747172%2Cnull%2Cnull%2C%5B1%5D%5D%2C%5B781107959%2Cnull%2Cnull%2C%5B1%5D%5D%2C%5B792614055%2Cnull%2Cnull%2C%5B1%5D%5D%2C%5B781107957%2Cnull%2Cnull%2C%5B1%5D%5D%5D%5D%5D%5D%2C%5Bnull%2C%5B%5B95375930%5D%2C%5B95375931%2C%5B%5B45734716%2Cnull%2Cnull%2C%5B1%5D%5D%5D%5D%2C%5B95376520%2C%5B%5B45734716%2Cnull%2Cnull%2C%5B1%5D%5D%2C%5B45735891%2Cnull%2Cnull%2C%5B1%5D%5D%5D%5D%5D%5D%2C%5Bnull%2C%5B%5B95378095%5D%2C%5B95378096%2C%5B%5B45740207%2Cnull%2Cnull%2C%5B1%5D%5D%5D%5D%5D%5D%2C%5B10%2C%5B%5B95378629%5D%2C%5B95378630%2C%5B%5B45729602%2Cnull%2Cnull%2C%5B1%5D%5D%5D%5D%2C%5B95381582%2C%5B%5B45729602%2Cnull%2Cnull%2C%5B1%5D%5D%2C%5B45753603%2Cnull%2Cnull%2C%5B1%5D%5D%5D%5D%2C%5B95381583%2C%5B%5B45729602%2Cnull%2Cnull%2C%5B1%5D%5D%2C%5B45753604%2Cnull%2Cnull%2C%5B1%5D%5D%5D%5D%5D%5D%2C%5Bnull%2C%5B%5B95382403%5D%2C%5B95382404%2C%5B%5B45756824%2Cnull%2Cnull%2C%5B1%5D%5D%5D%5D%5D%5D%5D%5D%5D%2Cnull%2Cnull%2C%5Bnull%2C1000%2C1%2C1000%5D%5D%22%7D&imalib_experiments=%5B95322027%2C95331589%2C95332046%5D&is_eap_loader=false&managed_js_experiment_id=0&page_correlator=3286164917196077&pvsid=8254402365017004&top_accessible_page_url=%22https%3A%2F%2Fwww.surfline.com%2Fsurf-report%2Fcampus-point%2F5842041f4e65fad6a770896c%22:0
[   13786ms] [ERROR] Failed to load resource: the server responded with a status of 400 (Bad Request) @ https://sync.adkernel.com/user-sync?zone=246094&r=https%3A%2F%2Fcs.krushmedia.com%2Fb5a22c388158209e40cc9337bc116359.gif%3Fpuid%3D%7BUID%7D:0
[   13803ms] [ERROR] Failed to load resource: the server responded with a status of 400 (Bad Request) @ https://measureadv.com/user?gdpr=0&gdpr_consent=&usp_consent=&p=4:0
[   12804ms] [ERROR] Failed to load resource: the server responded with a status of 404 (Not Found) @ https://us4.shb-sync.com/9a618328-5946-41d2-842d-1fa2220a604b.gif?puid=[UID]&redir=https%3A%2F%2Fce.lijit.com%2Fmerge%3Fpid%3D118%263pid%3D%5BUID%5D&gdpr=[GDPR]&gdpr_consent=[GDPR_CONSENT]&ccpa=[CCPA]&gdpr=&gdpr_consent=:0
[   12959ms] [ERROR] Failed to load resource: net::ERR_NAME_NOT_RESOLVED @ https://cw.addthis.com/t.gif?pid=88&pidt=0&pdid=ab533b93-3049-41c8-8373-78d2ca86c92d&cu=:0
[   13094ms] [ERROR] Failed to load resource: net::ERR_NAME_NOT_RESOLVED @ https://cw.addthis.com/t.gif?pid=88&pidt=0&pdid=ab533b93-3049-41c8-8373-78d2ca86c92d&cu=:0
[   13561ms] [ERROR] Failed to load resource: the server responded with a status of 404 (Not Found) @ https://us4.shb-sync.com/9a618328-5946-41d2-842d-1fa2220a604b.gif?puid=[UID]&redir=https%3A%2F%2Fce.lijit.com%2Fmerge%3Fpid%3D118%263pid%3D%5BUID%5D&gdpr=[GDPR]&gdpr_consent=[GDPR_CONSENT]&ccpa=[CCPA]&gdpr=&gdpr_consent=:0
[   12804ms] [ERROR] Failed to load resource: the server responded with a status of 404 (Not Found) @ https://us4.shb-sync.com/9a618328-5946-41d2-842d-1fa2220a604b.gif?puid=[UID]&redir=https%3A%2F%2Fce.lijit.com%2Fmerge%3Fpid%3D118%263pid%3D%5BUID%5D&gdpr=[GDPR]&gdpr_consent=[GDPR_CONSENT]&ccpa=[CCPA]&gdpr=&gdpr_consent=:0
[   12959ms] [ERROR] Failed to load resource: net::ERR_NAME_NOT_RESOLVED @ https://cw.addthis.com/t.gif?pid=88&pidt=0&pdid=ab533b93-3049-41c8-8373-78d2ca86c92d&cu=:0
[   13094ms] [ERROR] Failed to load resource: net::ERR_NAME_NOT_RESOLVED @ https://cw.addthis.com/t.gif?pid=88&pidt=0&pdid=ab533b93-3049-41c8-8373-78d2ca86c92d&cu=:0
[   13561ms] [ERROR] Failed to load resource: the server responded with a status of 404 (Not Found) @ https://us4.shb-sync.com/9a618328-5946-41d2-842d-1fa2220a604b.gif?puid=[UID]&redir=https%3A%2F%2Fce.lijit.com%2Fmerge%3Fpid%3D118%263pid%3D%5BUID%5D&gdpr=[GDPR]&gdpr_consent=[GDPR_CONSENT]&ccpa=[CCPA]&gdpr=&gdpr_consent=:0
[   13742ms] [ERROR] Failed to load resource: net::ERR_NAME_NOT_RESOLVED @ https://visitor-gen02.omnitagjs.com/visitor/bsync?uid=2fb7585bd6f377e69f88bdfc754f9473&name=gen01&url=https%3A%2F%2Fs.ad.smaato.net%2Fc%2F%3FdspCookie%3D%5Bvisid%5D%26dspId%3D1476%26gdpr%3D0%26gdpr_consent%3D&visitor=01e619207d&gdpr=0&gdpr_consent=:0
[   13913ms] [ERROR] Failed to load resource: the server responded with a status of 400 (Bad Request) @ https://us.shb-sync.com/bf2debb3-8b3f-11ed-9a3c-0cc47a787f5e.gif?redir=https%3A%2F%2Fs.ad.smaato.net%2Fc%2F%3FdspId%3D1170%26dspCookie%3D%24UID%26gdpr%3D0%26gdpr_consent%3D&gdpr=0&gdpr_consent=:0
[   13658ms] [ERROR] Failed to load resource: net::ERR_NAME_NOT_RESOLVED @ https://sync.search.spotxchange.com/partner?adv_id=7715&uid=4158228685261962851:0
[   14245ms] [ERROR] Failed to load resource: the server responded with a status of 424 (Failed Dependency) @ https://t.adx.opera.com/pub/sync?pubid=pub10101531197440&gdpr=1&gdpr_consent=:0
[   14260ms] [ERROR] Failed to load resource: the server responded with a status of 400 () @ https://match.prod.bidr.io/cookie-sync/syn:0
[   13719ms] [ERROR] Failed to load resource: the server responded with a status of 404 () @ https://cs.krushmedia.com/4831fbf13dd518a56346a6e0ec8ba9d5.gif?puid=ID5-3-22770742-5cf6-45e8-9d3e-e134670e87dd&redir=https%3A%2F%2Fsync.inmobi.com%2Fsetuid%3FbidderID%3D1315%26dspUserId%3D%5BUID%5D&gdpr=0&gdpr_consent=:0
[   13803ms] [ERROR] Failed to load resource: the server responded with a status of 400 (Bad Request) @ https://measureadv.com/user?gdpr=0&gdpr_consent=&usp_consent=&p=4:0
[   14278ms] [ERROR] Failed to load resource: the server responded with a status of 404 () @ https://x.bidswitch.net/sync?ssp=synacor&user_id=77B56E49F8C545DE936C3731E87E00E8:0
[   14302ms] [ERROR] Failed to load resource: the server responded with a status of 400 (Bad Request) @ https://sync.e-volution.ai/a184e2218ea9f18e32c70fb304405e72.gif?puid=ID5-3-22770742-5cf6-45e8-9d3e-e134670e87dd&redir=https%3A%2F%2Fsync.inmobi.com%2Fsetuid%3FbidderID%3D957%26dspUserId%3D%5BUID%5D&gdpr=0&gdpr_consent=:0
[   14245ms] [ERROR] Failed to load resource: the server responded with a status of 424 (Failed Dependency) @ https://t.adx.opera.com/pub/sync?pubid=pub10101531197440&gdpr=1&gdpr_consent=:0
[   14525ms] [ERROR] Failed to load resource: the server responded with a status of 424 (Failed Dependency) @ https://t.adx.opera.com/pub/sync?pubid=pub10101531197440&gdpr=1&gdpr_consent=:0
[   13658ms] [ERROR] Failed to load resource: net::ERR_NAME_NOT_RESOLVED @ https://sync.search.spotxchange.com/partner?adv_id=7715&uid=4158228685261962851:0
[   14654ms] [ERROR] Failed to load resource: net::ERR_CERT_DATE_INVALID @ https://tracker.adex-rtb.com/sync?id=1&uid=77B56E49F8C545DE936C3731E87E00E8:0
[   14705ms] [ERROR] Failed to load resource: net::ERR_NAME_NOT_RESOLVED @ https://usermatch.krxd.net/um/v2?partner=tapad:0
[   12423ms] [ERROR] Failed to load resource: net::ERR_TOO_MANY_REDIRECTS @ https://x.bidswitch.net/sync?ssp=adconductor&user_id=RX-01eac928-99b8-429c-b43a-733fefb0c1de-005&rndcb=7638322573:0
[   14245ms] [ERROR] Failed to load resource: the server responded with a status of 424 (Failed Dependency) @ https://t.adx.opera.com/pub/sync?pubid=pub10101531197440&gdpr=1&gdpr_consent=:0
[   14525ms] [ERROR] Failed to load resource: the server responded with a status of 424 (Failed Dependency) @ https://t.adx.opera.com/pub/sync?pubid=pub10101531197440&gdpr=1&gdpr_consent=:0
[   14705ms] [ERROR] Failed to load resource: net::ERR_NAME_NOT_RESOLVED @ https://usermatch.krxd.net/um/v2?partner=tapad:0
[   14996ms] [ERROR] Failed to load resource: the server responded with a status of 410 (Gone) @ https://ads.stickyadstv.com/user-matching?id=3673&_fw_gdpr=[GDPR]&_fw_gdpr_consent=[GDPR_CONSENT]&redirectId=https%3A%2F%2Fcs.krushmedia.com%2F4ac47ff1918c5163a9cce45544663444.gif%3Fpuid%3D%7BviewerId%7D:0
[   15298ms] [ERROR] Failed to load resource: the server responded with a status of 525 () @ https://cookie-sync.bidmyadz.com/c0f68227d14ed938c6c49f3967cbe9bc?gdpr=&gdpr_consent=&ccpa=&red=https%3A%2F%2Fib.adnxs.com%2Fprebid%2Fsetuid%3Fbidder%3Dbidmyadz%26gdpr%3D%26gdpr_consent%3D%26gpp%3D%26gpp_sid%3D%26f%3Di%26uid%3D%5BUID%5D:0
[   15380ms] [ERROR] Failed to load resource: net::ERR_TOO_MANY_REDIRECTS @ https://sync.bfmio.com/syncb?pid=203:0
[   15507ms] [ERROR] Failed to load resource: net::ERR_TOO_MANY_REDIRECTS @ https://cs.krushmedia.com/c3515c2596ad8b03259d549072aec932.gif?puid=90750fcc-e2c6-5fa7-bc93-b86f7a808c88&redir=[RED]&gdpr=0&gdpr_consent=[GDPR_CONSENT]&coppa=[COPPA]&gpp=[GPP]&gpp_sid=[GPP_SID]:0
[   15599ms] [ERROR] Failed to load resource: net::ERR_CONNECTION_REFUSED @ https://farm.plista.com/matching/pixel/?ssp=c3de&dsp_user_id=4158228685261962851:0
[   15658ms] [ERROR] Failed to load resource: the server responded with a status of 400 () @ https://s.ad.smaato.net/c/?dspInit=1002196&dspCookie=4158228685261962851&gdpr=0&gdpr_consent=:0
[   12804ms] [ERROR] Failed to load resource: the server responded with a status of 404 (Not Found) @ https://us4.shb-sync.com/9a618328-5946-41d2-842d-1fa2220a604b.gif?puid=[UID]&redir=https%3A%2F%2Fce.lijit.com%2Fmerge%3Fpid%3D118%263pid%3D%5BUID%5D&gdpr=[GDPR]&gdpr_consent=[GDPR_CONSENT]&ccpa=[CCPA]&gdpr=&gdpr_consent=:0
[   12959ms] [ERROR] Failed to load resource: net::ERR_NAME_NOT_RESOLVED @ https://cw.addthis.com/t.gif?pid=88&pidt=0&pdid=ab533b93-3049-41c8-8373-78d2ca86c92d&cu=:0
[   13094ms] [ERROR] Failed to load resource: net::ERR_NAME_NOT_RESOLVED @ https://cw.addthis.com/t.gif?pid=88&pidt=0&pdid=ab533b93-3049-41c8-8373-78d2ca86c92d&cu=:0
[   13561ms] [ERROR] Failed to load resource: the server responded with a status of 404 (Not Found) @ https://us4.shb-sync.com/9a618328-5946-41d2-842d-1fa2220a604b.gif?puid=[UID]&redir=https%3A%2F%2Fce.lijit.com%2Fmerge%3Fpid%3D118%263pid%3D%5BUID%5D&gdpr=[GDPR]&gdpr_consent=[GDPR_CONSENT]&ccpa=[CCPA]&gdpr=&gdpr_consent=:0
[   16924ms] [WARNING] Listener must be a named function. @ https://www.surfline.com/surf-report/campus-point/5842041f4e65fad6a770896c:95
[   16924ms] [WARNING] Listener must be a named function. @ https://www.surfline.com/surf-report/campus-point/5842041f4e65fad6a770896c:95
[   16924ms] [WARNING] Listener must be a named function. @ https://www.surfline.com/surf-report/campus-point/5842041f4e65fad6a770896c:95
[   16924ms] [WARNING] Listener must be a named function. @ https://www.surfline.com/surf-report/campus-point/5842041f4e65fad6a770896c:95
[   17474ms] [ERROR] Attestation check for Protected Audience on https://ib.adnxs.com failed. @ https://www.surfline.com/surf-report/campus-point/5842041f4e65fad6a770896c:0
[   17474ms] [ERROR] Attestation check for Protected Audience on https://htlb.casalemedia.com failed. @ https://www.surfline.com/surf-report/campus-point/5842041f4e65fad6a770896c:0
[   17524ms] [ERROR] Attestation check for Protected Audience on https://krk2.kargo.com failed. @ https://www.surfline.com/surf-report/campus-point/5842041f4e65fad6a770896c:0
[   17564ms] [ERROR] Attestation check for Protected Audience on https://ib.adnxs.com failed. @ https://www.surfline.com/surf-report/campus-point/5842041f4e65fad6a770896c:0
[   17564ms] [ERROR] Attestation check for Protected Audience on https://tlx.3lift.com failed. @ https://www.surfline.com/surf-report/campus-point/5842041f4e65fad6a770896c:0
[   17564ms] [ERROR] Attestation check for Protected Audience on https://krk2.kargo.com failed. @ https://www.surfline.com/surf-report/campus-point/5842041f4e65fad6a770896c:0
[   17564ms] [ERROR] Attestation check for Protected Audience on https://htlb.casalemedia.com failed. @ https://www.surfline.com/surf-report/campus-point/5842041f4e65fad6a770896c:0
[   17564ms] [ERROR] Attestation check for Protected Audience on https://g2.gumgum.com failed. @ https://www.surfline.com/surf-report/campus-point/5842041f4e65fad6a770896c:0
[   17565ms] [ERROR] Attestation check for Protected Audience on https://g2.gumgum.com failed. @ https://www.surfline.com/surf-report/campus-point/5842041f4e65fad6a770896c:0
[   17565ms] [ERROR] Attestation check for Protected Audience on https://g2.gumgum.com failed. @ https://www.surfline.com/surf-report/campus-point/5842041f4e65fad6a770896c:0
[   17565ms] [ERROR] Attestation check for Protected Audience on https://g2.gumgum.com failed. @ https://www.surfline.com/surf-report/campus-point/5842041f4e65fad6a770896c:0
[   17743ms] [ERROR] Attestation check for Protected Audience on https://grid-bidder.criteo.com failed. @ https://www.surfline.com/surf-report/campus-point/5842041f4e65fad6a770896c:0
[   20221ms] [ERROR] Failed to load resource: net::ERR_NAME_NOT_RESOLVED @ https://sync.search.spotxchange.com/partner?adv_id=7025&gpp=DBABBg~BUoAAAJk.QA&gpp_sid=8&redir=https%3A%2F%2Fcm.g.doubleclick.net%2Fpixel%3Fgoogle_nid%3Dspotxchange_dbm%26google_hm%3D%24SPOTX_BASE64_USER_ID:0
[   20234ms] [ERROR] Attestation check for Shared Storage on https://www.googleadservices.com failed. @ https://www.googleadservices.com/pagead/managed/js/activeview/current/reach_worklet.html:0
[   20309ms] [ERROR] Attestation check for Attribution Reporting on https://ad.doubleclick.net failed. @ https://www.surfline.com/surf-report/campus-point/5842041f4e65fad6a770896c:0
[   20366ms] [ERROR] Attestation check for Protected Audience on https://krk2.kargo.com failed. @ https://www.surfline.com/surf-report/campus-point/5842041f4e65fad6a770896c:0
[   20366ms] [ERROR] Attestation check for Protected Audience on https://htlb.casalemedia.com failed. @ https://www.surfline.com/surf-report/campus-point/5842041f4e65fad6a770896c:0
[   20366ms] [ERROR] Attestation check for Attribution Reporting on https://ad.doubleclick.net failed. @ https://www.surfline.com/surf-report/campus-point/5842041f4e65fad6a770896c:0
[   20366ms] [ERROR] Attestation check for Protected Audience on https://tlx.3lift.com failed. @ https://www.surfline.com/surf-report/campus-point/5842041f4e65fad6a770896c:0
[   20366ms] [ERROR] Attestation check for Protected Audience on https://ib.adnxs.com failed. @ https://www.surfline.com/surf-report/campus-point/5842041f4e65fad6a770896c:0
[   20366ms] [ERROR] Attestation check for Protected Audience on https://g2.gumgum.com failed. @ https://www.surfline.com/surf-report/campus-point/5842041f4e65fad6a770896c:0
[   20366ms] [ERROR] Attestation check for Protected Audience on https://g2.gumgum.com failed. @ https://www.surfline.com/surf-report/campus-point/5842041f4e65fad6a770896c:0
[   20366ms] [ERROR] Attestation check for Protected Audience on https://g2.gumgum.com failed. @ https://www.surfline.com/surf-report/campus-point/5842041f4e65fad6a770896c:0
[   20366ms] [ERROR] Attestation check for Protected Audience on https://g2.gumgum.com failed. @ https://www.surfline.com/surf-report/campus-point/5842041f4e65fad6a770896c:0
[   20367ms] [ERROR] Attestation check for Protected Audience on https://g2.gumgum.com failed. @ https://www.surfline.com/surf-report/campus-point/5842041f4e65fad6a770896c:0
[   20377ms] [ERROR] Attestation check for Protected Audience on https://grid-bidder.criteo.com failed. @ https://www.surfline.com/surf-report/campus-point/5842041f4e65fad6a770896c:0
[   21468ms] [WARNING] [Sprig] - Skipping tracking without userId @ https://www.surfline.com/surf-report/campus-point/5842041f4e65fad6a770896c:95
[   21468ms] [WARNING] [Sprig] - Skipping tracking without userId @ https://www.surfline.com/surf-report/campus-point/5842041f4e65fad6a770896c:95
[   21468ms] [WARNING] [Sprig] - Skipping tracking without userId @ https://www.surfline.com/surf-report/campus-point/5842041f4e65fad6a770896c:95
[   22496ms] [WARNING] GSAP target  not found. https://greensock.com @ https://s0.2mdn.net/ads/studio/cached_libs/gsap_3.2.4_min.js:9
[   22497ms] [WARNING] GSAP target  not found. https://greensock.com @ https://s0.2mdn.net/ads/studio/cached_libs/gsap_3.2.4_min.js:9
[   22598ms] [WARNING] [GPT] Slot SL_KBYG_Cams_BelowCam-7dfa9bc0-1050-11f1-a110-e949d55d81ad rendered inside of the viewport.
https://goo.gle/gpt-message#169 @ https://www.surfline.com/surf-report/campus-point/5842041f4e65fad6a770896c:95
[   20221ms] [ERROR] Failed to load resource: net::ERR_NAME_NOT_RESOLVED @ https://sync.search.spotxchange.com/partner?adv_id=7025&gpp=DBABBg~BUoAAAJk.QA&gpp_sid=8&redir=https%3A%2F%2Fcm.g.doubleclick.net%2Fpixel%3Fgoogle_nid%3Dspotxchange_dbm%26google_hm%3D%24SPOTX_BASE64_USER_ID:0
[   20221ms] [ERROR] Failed to load resource: net::ERR_NAME_NOT_RESOLVED @ https://sync.search.spotxchange.com/partner?adv_id=7025&gpp=DBABBg~BUoAAAJk.QA&gpp_sid=8&redir=https%3A%2F%2Fcm.g.doubleclick.net%2Fpixel%3Fgoogle_nid%3Dspotxchange_dbm%26google_hm%3D%24SPOTX_BASE64_USER_ID:0
[   20234ms] [ERROR] Attestation check for Shared Storage on https://www.googleadservices.com failed. @ https://www.googleadservices.com/pagead/managed/js/activeview/current/reach_worklet.html:0
[   22842ms] [ERROR] Attestation check for Shared Storage on https://www.googleadservices.com failed. @ https://www.googleadservices.com/pagead/managed/js/activeview/current/reach_worklet.html:0
[   20234ms] [ERROR] Attestation check for Shared Storage on https://www.googleadservices.com failed. @ https://www.googleadservices.com/pagead/managed/js/activeview/current/reach_worklet.html:0
[   22842ms] [ERROR] Attestation check for Shared Storage on https://www.googleadservices.com failed. @ https://www.googleadservices.com/pagead/managed/js/activeview/current/reach_worklet.html:0
[   20234ms] [ERROR] Attestation check for Shared Storage on https://www.googleadservices.com failed. @ https://www.googleadservices.com/pagead/managed/js/activeview/current/reach_worklet.html:0
[   22842ms] [ERROR] Attestation check for Shared Storage on https://www.googleadservices.com failed. @ https://www.googleadservices.com/pagead/managed/js/activeview/current/reach_worklet.html:0
[   22993ms] [ERROR] Attestation check for Shared Storage on https://www.googleadservices.com failed. @ https://www.googleadservices.com/pagead/managed/js/activeview/current/reach_worklet.html:0
[   23028ms] [ERROR] Attestation check for Shared Storage on https://www.googleadservices.com failed. @ https://www.googleadservices.com/pagead/managed/js/activeview/current/reach_worklet.html:0
[   23346ms] Failed to read a named property 'addEventListener' from 'Window': Blocked a frame with origin "https://78a24abd17a2cf4c5552a6ca34e6f0a8.safeframe.googlesyndication.com" from accessing a cross-origin frame.
[   90325ms] [ERROR] Failed to load resource: net::ERR_CONNECTION_TIMED_OUT @ https://cs.axis-marketplace.com/pbserver?gdpr=&gdpr_consent=&ccpa=&redir=https%3A%2F%2Fib.adnxs.com%2Fprebid%2Fsetuid%3Fbidder%3Daxis%26gdpr%3D%26gdpr_consent%3D%26gpp%3D%26gpp_sid%3D%26f%3Di%26uid%3D%5BUID%5D:0
[   92955ms] [ERROR] Failed to load resource: net::ERR_CONNECTION_RESET @ https://user-sync.alkimi-onboarding.com/ssp-sync?gdpr=&us_privacy=&redirect=https%3A%2F%2Fib.adnxs.com%2Fprebid%2Fsetuid%3Fbidder%3Dalkimi%26gdpr%3D%26gdpr_consent%3D%26gpp%3D%26gpp_sid%3D%26f%3Di%26uid%3D%24%7BUID%7D:0
[   13719ms] [ERROR] Failed to load resource: the server responded with a status of 404 () @ https://cs.krushmedia.com/4831fbf13dd518a56346a6e0ec8ba9d5.gif?puid=ID5-3-22770742-5cf6-45e8-9d3e-e134670e87dd&redir=https%3A%2F%2Fsync.inmobi.com%2Fsetuid%3FbidderID%3D1315%26dspUserId%3D%5BUID%5D&gdpr=0&gdpr_consent=:0
[   13803ms] [ERROR] Failed to load resource: the server responded with a status of 400 (Bad Request) @ https://measureadv.com/user?gdpr=0&gdpr_consent=&usp_consent=&p=4:0
[   14302ms] [ERROR] Failed to load resource: the server responded with a status of 400 (Bad Request) @ https://sync.e-volution.ai/a184e2218ea9f18e32c70fb304405e72.gif?puid=ID5-3-22770742-5cf6-45e8-9d3e-e134670e87dd&redir=https%3A%2F%2Fsync.inmobi.com%2Fsetuid%3FbidderID%3D957%26dspUserId%3D%5BUID%5D&gdpr=0&gdpr_consent=:0
[   93596ms] [ERROR] Failed to load resource: the server responded with a status of 400 (Bad Request) @ https://measureadv.com/user?gdpr=0&gdpr_consent=&usp_consent=&p=4:0
[   93809ms] [ERROR] Failed to load resource: the server responded with a status of 400 (Bad Request) @ https://sync.e-volution.ai/a184e2218ea9f18e32c70fb304405e72.gif?puid=ID5-3-22770742-5cf6-45e8-9d3e-e134670e87dd&redir=https%3A%2F%2Fsync.inmobi.com%2Fsetuid%3FbidderID%3D957%26dspUserId%3D%5BUID%5D&gdpr=0&gdpr_consent=:0
[   13719ms] [ERROR] Failed to load resource: the server responded with a status of 404 () @ https://cs.krushmedia.com/4831fbf13dd518a56346a6e0ec8ba9d5.gif?puid=ID5-3-22770742-5cf6-45e8-9d3e-e134670e87dd&redir=https%3A%2F%2Fsync.inmobi.com%2Fsetuid%3FbidderID%3D1315%26dspUserId%3D%5BUID%5D&gdpr=0&gdpr_consent=:0
[   13803ms] [ERROR] Failed to load resource: the server responded with a status of 400 (Bad Request) @ https://measureadv.com/user?gdpr=0&gdpr_consent=&usp_consent=&p=4:0
[   14302ms] [ERROR] Failed to load resource: the server responded with a status of 400 (Bad Request) @ https://sync.e-volution.ai/a184e2218ea9f18e32c70fb304405e72.gif?puid=ID5-3-22770742-5cf6-45e8-9d3e-e134670e87dd&redir=https%3A%2F%2Fsync.inmobi.com%2Fsetuid%3FbidderID%3D957%26dspUserId%3D%5BUID%5D&gdpr=0&gdpr_consent=:0
[   93596ms] [ERROR] Failed to load resource: the server responded with a status of 400 (Bad Request) @ https://measureadv.com/user?gdpr=0&gdpr_consent=&usp_consent=&p=4:0
[   93809ms] [ERROR] Failed to load resource: the server responded with a status of 400 (Bad Request) @ https://sync.e-volution.ai/a184e2218ea9f18e32c70fb304405e72.gif?puid=ID5-3-22770742-5cf6-45e8-9d3e-e134670e87dd&redir=https%3A%2F%2Fsync.inmobi.com%2Fsetuid%3FbidderID%3D957%26dspUserId%3D%5BUID%5D&gdpr=0&gdpr_consent=:0
[   95108ms] [ERROR] Failed to load resource: the server responded with a status of 404 () @ https://cs.krushmedia.com/4831fbf13dd518a56346a6e0ec8ba9d5.gif?puid=ID5-3-22770742-5cf6-45e8-9d3e-e134670e87dd&redir=https%3A%2F%2Fsync.inmobi.com%2Fsetuid%3FbidderID%3D1315%26dspUserId%3D%5BUID%5D&gdpr=0&gdpr_consent=:0
[   95418ms] [ERROR] Failed to load resource: the server responded with a status of 403 () @ https://ib.beintoo.com/um?ssp=pbs&gdpr=&gdpr_consent=&us_privacy=&redirect=https%3A%2F%2Fib.adnxs.com%2Fprebid%2Fsetuid%3Fbidder%3Dbeintoo%26gdpr%3D%26gdpr_consent%3D%26gpp%3D%26gpp_sid%3D%26f%3Db%26uid%3D%24UID:0
[   14245ms] [ERROR] Failed to load resource: the server responded with a status of 424 (Failed Dependency) @ https://t.adx.opera.com/pub/sync?pubid=pub10101531197440&gdpr=1&gdpr_consent=:0
[   14525ms] [ERROR] Failed to load resource: the server responded with a status of 424 (Failed Dependency) @ https://t.adx.opera.com/pub/sync?pubid=pub10101531197440&gdpr=1&gdpr_consent=:0
[   96595ms] [ERROR] Failed to load resource: the server responded with a status of 424 (Failed Dependency) @ https://t.adx.opera.com/pub/sync?pubid=pub10101531197440&gdpr=1&gdpr_consent=:0
[   97444ms] [ERROR] Access to XMLHttpRequest at 'https://ib.adnxs.com/prebid/setuid?bidder=optidigital&gdpr=&gdpr_consent=&gpp=&gpp_sid=&f=b&uid=eJwEwE9LhUAQAPB7p0joE3SIYGBndv5tN3OXEJU6hKXXMChDSOjJ%2B%2Fbvd1UxihO5upBiUnLBm%2FsVvs5LuwoOuOVj%2F3mZtr%2FX%2F%2BVz%2BvX9I52%2B6zfw0s3Hw10tLFSXBpwaA2Yt4NEzSFOokFKWHOl66PtxfA8tYAfPs8bHitGYyJJHlRiULcjTLYtawIiuRoQJLZgGvQQAAP%2F%2Fgf8n1A%3D%3D' from origin 'https://scripts.opti-digital.com' has been blocked by CORS policy: No 'Access-Control-Allow-Origin' header is present on the requested resource. @ https://scripts.opti-digital.com/js/presyncs2s.html?endpoint=optidigital&gdpr=&gdpr_consent=&us_privacy=&redir=https%3A%2F%2Fib.adnxs.com%2Fprebid%2Fsetuid%3Fbidder%3Doptidigital%26gdpr%3D%26gdpr_consent%3D%26gpp%3D%26gpp_sid%3D%26f%3Db%26uid%3D%24UID:0
[   97445ms] [ERROR] Failed to load resource: net::ERR_FAILED @ https://ib.adnxs.com/prebid/setuid?bidder=optidigital&gdpr=&gdpr_consent=&gpp=&gpp_sid=&f=b&uid=eJwEwE9LhUAQAPB7p0joE3SIYGBndv5tN3OXEJU6hKXXMChDSOjJ%2B%2Fbvd1UxihO5upBiUnLBm%2FsVvs5LuwoOuOVj%2F3mZtr%2FX%2F%2BVz%2BvX9I52%2B6zfw0s3Hw10tLFSXBpwaA2Yt4NEzSFOokFKWHOl66PtxfA8tYAfPs8bHitGYyJJHlRiULcjTLYtawIiuRoQJLZgGvQQAAP%2F%2Fgf8n1A%3D%3D:0
[  245994ms] [ERROR] Failed to load resource: net::ERR_CONNECTION_TIMED_OUT @ https://sync.admanmedia.com/pbs.gif?gdpr=&gdpr_consent=&us_privacy=&redir=https%3A%2F%2Fib.adnxs.com%2Fprebid%2Fsetuid%3Fbidder%3Dadman%26gdpr%3D%26gdpr_consent%3D%26gpp%3D%26gpp_sid%3D%26f%3Di%26uid%3D%5BUID%5D:0
[  252356ms] [ERROR] Access to fetch at 'https://ib.adnxs.com/prebid/setuid?bidder=taboola&gdpr=&gdpr_consent=&gpp=&gpp_sid=&f=b&uid=3e5d9361-3217-48be-868c-8e49b352fd0a-tuct10898f63' from origin 'https://cdn.taboola.com' has been blocked by CORS policy: No 'Access-Control-Allow-Origin' header is present on the requested resource. @ https://cdn.taboola.com/scripts/ps-sync.html?gdpr=&gdpr_consent=&us_privacy=&gpp=&gpp_sid=&redirect=https%3A%2F%2Fib.adnxs.com%2Fprebid%2Fsetuid%3Fbidder%3Dtaboola%26gdpr%3D%26gdpr_consent%3D%26gpp%3D%26gpp_sid%3D%26f%3Db%26uid%3D%3CTUID%3E:0
[  252356ms] [ERROR] Failed to load resource: net::ERR_FAILED @ https://ib.adnxs.com/prebid/setuid?bidder=taboola&gdpr=&gdpr_consent=&gpp=&gpp_sid=&f=b&uid=3e5d9361-3217-48be-868c-8e49b352fd0a-tuct10898f63:0
[  252356ms] TypeError: Failed to fetch
    at r (https://cdn.taboola.com/scripts/ps-sync.html?gdpr=&gdpr_consent=&us_privacy=&gpp=&gpp_sid=&redirect=https%3A%2F%2Fib.adnxs.com%2Fprebid%2Fsetuid%3Fbidder%3Dtaboola%26gdpr%3D%26gdpr_consent%3D%26gpp%3D%26gpp_sid%3D%26f%3Db%26uid%3D%3CTUID%3E:92:32)
    at https://cdn.taboola.com/scripts/ps-sync.html?gdpr=&gdpr_consent=&us_privacy=&gpp=&gpp_sid=&redirect=https%3A%2F%2Fib.adnxs.com%2Fprebid%2Fsetuid%3Fbidder%3Dtaboola%26gdpr%3D%26gdpr_consent%3D%26gpp%3D%26gpp_sid%3D%26f%3Db%26uid%3D%3CTUID%3E:104:21
    at https://cdn.taboola.com/scripts/ps-sync.html?gdpr=&gdpr_consent=&us_privacy=&gpp=&gpp_sid=&redirect=https%3A%2F%2Fib.adnxs.com%2Fprebid%2Fsetuid%3Fbidder%3Dtaboola%26gdpr%3D%26gdpr_consent%3D%26gpp%3D%26gpp_sid%3D%26f%3Db%26uid%3D%3CTUID%3E:108:10
[  252574ms] [ERROR] Failed to load resource: net::ERR_CONNECTION_REFUSED @ https://ssp-cookie.logan.ai/pserver?gdpr=&gdpr_consent=&us_privacy=&redir=https%3A%2F%2Fib.adnxs.com%2Fprebid%2Fsetuid%3Fbidder%3Dlogan%26gdpr%3D%26gdpr_consent%3D%26gpp%3D%26gpp_sid%3D%26f%3Di%26uid%3D%5BUID%5D:0
[   14260ms] [ERROR] Failed to load resource: the server responded with a status of 400 () @ https://match.prod.bidr.io/cookie-sync/syn:0
[   14278ms] [ERROR] Failed to load resource: the server responded with a status of 404 () @ https://x.bidswitch.net/sync?ssp=synacor&user_id=77B56E49F8C545DE936C3731E87E00E8:0
[   14654ms] [ERROR] Failed to load resource: net::ERR_CERT_DATE_INVALID @ https://tracker.adex-rtb.com/sync?id=1&uid=77B56E49F8C545DE936C3731E87E00E8:0
[  253313ms] [ERROR] Failed to load resource: the server responded with a status of 404 () @ https://x.bidswitch.net/sync?ssp=synacor&user_id=77B56E49F8C545DE936C3731E87E00E8:0
[  253490ms] [ERROR] Failed to load resource: the server responded with a status of 400 () @ https://match.prod.bidr.io/cookie-sync/syn:0
