// Vitest Snapshot v1, https://vitest.dev/guide/snapshot.html

exports[`getCuisineGradient > matches the canonical 14-cuisine snapshot 1`] = `
{
  "Argentine": {
    "from": "#8CA6D9",
    "to": "#4D66A6",
  },
  "Chinese": {
    "from": "#CC4059",
    "to": "#801F38",
  },
  "French": {
    "from": "#F5C773",
    "to": "#C7803F",
  },
  "Indian": {
    "from": "#EB7326",
    "to": "#B8401A",
  },
  "Italian": {
    "from": "#F27333",
    "to": "#A63326",
  },
  "Japanese": {
    "from": "#EBC766",
    "to": "#B37333",
  },
  "Korean": {
    "from": "#F25940",
    "to": "#B32E26",
  },
  "Mexican": {
    "from": "#F2662E",
    "to": "#A6401F",
  },
  "Middle Eastern": {
    "from": "#D98C4D",
    "to": "#8C4D26",
  },
  "Peruvian": {
    "from": "#D9664D",
    "to": "#8C332E",
  },
  "Spanish": {
    "from": "#F28C33",
    "to": "#BF4D26",
  },
  "Thai": {
    "from": "#F28C33",
    "to": "#E64D26",
  },
  "Vietnamese": {
    "from": "#B37340",
    "to": "#7A471F",
  },
  "West African": {
    "from": "#F28033",
    "to": "#B3401F",
  },
}
`;
